{
  "id": 1,
  "title": "Title 1",
  "point": {
    "x": 1.0,
    "y": 1.0
  },
  "child": {
    "id": 2,
    "title": "Title 2",
    "point": {
      "x": 2.0,
      "y": 2.0
    },
    "child": {
      "id": 3,
      "title": "Title 3",
      "point": {
        "x": 3.0,
        "y": 3.0
      },
      "child": null
    }
  }
}