{
  "id": 1,
  "title": "Title 1",
  "child": null,
  "point": {
    "x": 1.0,
    "y": 1.0
  }
}