{
  "x": "TheX",
  "y": "TheY",
  "reference": {
    "a": "TheA",
    "b": "TheB"
  }
}