{
  "id": 1,
  "title": "Title 1",
  "point": {
    "x": 1.0,
    "y": 1.0
  },
  "child": null
}